# Bake Begins!
### (1 of 6) Copy sources
$ cp -a /home/travis/build/fontdirectory/buda/METADATA.json /home/travis/build/fontdirectory/buda/builds/build
$ cp -a /home/travis/build/fontdirectory/buda/DESCRIPTION.en_us.html /home/travis/build/fontdirectory/buda/builds/build
$ cp -a Buda-Light.ttf.ttx src/Buda-Light-TTF.sfd Buda-Light.ttf._p_r_e_p.ttx Buda-Light.ttf._p_o_s_t.ttx Buda-Light.ttf._n_a_m_e.ttx Buda-Light.ttf._m_a_x_p.ttx Buda-Light.ttf._l_o_c_a.ttx Buda-Light.ttf._k_e_r_n.ttx Buda-Light.ttf._h_m_t_x.ttx Buda-Light.ttf._h_h_e_a.ttx Buda-Light.ttf._h_e_a_d.ttx Buda-Light.ttf._g_l_y_f.ttx Buda-Light.ttf._f_p_g_m.ttx Buda-Light.ttf._c_v_t.ttx Buda-Light.ttf._c_m_a_p.ttx Buda-Light.ttf.O_S_2f_2.ttx Buda-Light.ttf.GlyphOrder.ttx Buda-Light.ttf.G_S_U_B_.ttx Buda-Light.ttf.G_P_O_S_.ttx Buda-Light.ttf.G_D_E_F_.ttx Buda-Light.ttf.F_F_T_M_.ttx /home/travis/build/fontdirectory/buda/builds/build/sources
### (2 of 6) pyfontaine
### (3 of 6) Run upstream tests
$ bakery-lint.py upstream-repo sources
$ fontaine --collections subsets --text /home/travis/build/fontdirectory/buda/builds/build/sources/Buda-Light.ttf.ttx /home/travis/build/fontdirectory/buda/builds/build/sources/Buda-Light-TTF.sfd > fontaine.txt
WARNING: Please install [PyICU](https://pypi.python.org/pypi/PyICU) toenable [feature], perhaps with: pip install pyicu
pyfontaine error: Not a TrueType or OpenType font (bad sfntVersion)
pyfontaine process has been failed
bakery_lint.tests.upstream.test_prepolation.FontTestPrepolation.test_font_prepolation_glyph_contours(): OK
bakery_lint.tests.upstream.test_prepolation.FontTestPrepolation.test_font_prepolation_glyph_points(): OK
bakery_lint.tests.upstream.test_prepolation.FontTestPrepolation.test_font_test_prepolation_glyph_names(): OK
bakery_lint.tests.upstream.test_diacritic.TestDiacritic.test_diacritic_made_as_component(): OK
bakery_lint.tests.upstream.test_diacritic.TestDiacritic.test_diacritic_made_as_mark_to_mark(): OK
bakery_lint.tests.upstream.test_diacritic.TestDiacritic.test_diacritic_made_as_own_glyphs(): OK
bakery_lint.tests.upstream.test_check_upstream_sources.ProjectUpstreamTestCase.test_bakery_yaml_exists(): OK
bakery_lint.tests.upstream.test_check_upstream_sources.ProjectUpstreamTestCase.test_copyright_notices_same_across_family(): OK
bakery_lint.tests.upstream.test_check_upstream_sources.ProjectUpstreamTestCase.test_description_html_exists(): OK
bakery_lint.tests.upstream.test_check_upstream_sources.ProjectUpstreamTestCase.test_fontlog_txt_exists(): FAIL
bakery_lint.tests.upstream.test_check_upstream_sources.ProjectUpstreamTestCase.test_metadata_json_exists(): OK
$ bakery-lint.py upstream-ttx Buda-Light.ttf.ttx
bakery_lint.tests.upstream.test_glyphname_does_not_contain_disallowed_chars.TestGlyphNameDoesNotContainsDisallowedChars.test_glyphname_does_not_contain_disallowed_chars(): FAIL
bakery_lint.tests.upstream.test_font_filename_eq_familystyle.TestTTFSourceFontFileNameEqualsFamilyStyle.test_source_ttf_font_filename_equals_familystyle(): FAIL
$ mv /home/travis/build/fontdirectory/buda/builds/build/sources/Buda-Light.ttf.ttx /home/travis/build/fontdirectory/buda/builds/build/sources/Buda-light.ttx
bakery_lint.tests.upstream.test_font_filename_eq_familystyle.TestTTFSourceFontFileNameEqualsFamilyStyle.test_source_ttf_font_filename_equals_familystyle(): OK
bakery_lint.tests.upstream.test_check_ttx_requirements.SourceTTXTest.test_epar_in_keys(): FAIL
bakery_lint.tests.upstream.test_check_ttx_requirements.SourceTTXTest.test_os2_in_keys(): OK
bakery_lint.tests.upstream.test_check_ttx_requirements.SourceTTXTest.test_ttx_doesnt_contain_duplicate_glyphs(): OK
bakery_lint.tests.upstream.test_check_ttx_fontfamily_recommendations.TTX_FontFamilyNamingTest.test_ttx_family_naming_recommendation(): OK
$ bakery-lint.py upstream Buda-Light-TTF.sfd
bakery_lint.tests.upstream.test_font_filename_eq_familystyle.TestTTFSourceFontFileNameEqualsFamilyStyle.test_source_ttf_font_filename_equals_familystyle(): ERROR
bakery_lint.tests.upstream.test_check_ufo_requirements.UfoOpenTest.test_has_rupee(): ERROR
bakery_lint.tests.upstream.test_check_ufo_requirements.UfoOpenTest.test_is_A(): ERROR
bakery_lint.tests.upstream.test_check_ufo_requirements.UfoOpenTest.test_is_A_a_glyph_instance(): ERROR
bakery_lint.tests.upstream.test_check_ufo_requirements.UfoOpenTest.test_is_ended_ufo(): ERROR
bakery_lint.tests.upstream.test_check_ufo_requirements.UfoOpenTest.test_is_folder(): ERROR
bakery_lint.tests.upstream.test_check_ufo_requirements.UfoOpenTest.test_is_fsType_eq_1(): ERROR
bakery_lint.tests.upstream.test_check_ufo_requirements.UfoOpenTest.test_it_exists(): ERROR
bakery_lint.tests.upstream.test_check_ufo_fontfamily_recommendations.TestUFOFontFamilyNamingTest.test_familyname_less_than_32_chars(): OK
bakery_lint.tests.upstream.test_check_ufo_fontfamily_recommendations.TestUFOFontFamilyNamingTest.test_fullfontname_less_than_64_chars(): OK
bakery_lint.tests.upstream.test_check_ufo_fontfamily_recommendations.TestUFOFontFamilyNamingTest.test_postscriptname_consistof_allowed_chars(): OK
bakery_lint.tests.upstream.test_check_ufo_fontfamily_recommendations.TestUFOFontFamilyNamingTest.test_postscriptname_less_than_30_chars(): OK
bakery_lint.tests.upstream.test_check_ufo_fontfamily_recommendations.TestUFOFontFamilyNamingTest.test_stylename_less_than_32_chars(): OK
bakery_lint.tests.upstream.test_check_ufo_fontfamily_recommendations.TestUFOFontFamilyNamingTest.test_weight_value_range_between_250_and_900(): OK
### (4 of 6) Convert sources to TTF
$ ttx -d /home/travis/build/fontdirectory/buda/builds/build /home/travis/build/fontdirectory/buda/builds/build/sources/Buda-light.ttx
strippedname:/home/travis/build/fontdirectory/buda/builds/build/sources/Buda-Light-TTF.sfd
Compiling "/home/travis/build/fontdirectory/buda/builds/build/sources/Buda-light.ttx" to "/home/travis/build/fontdirectory/buda/builds/build/Buda-light.ttf"...
Parsing 'GlyphOrder' table...
Parsing 'head' table...
Parsing 'hhea' table...
Parsing 'maxp' table...
Parsing 'OS/2' table...
Parsing 'hmtx' table...
Parsing 'cmap' table...
Parsing 'fpgm' table...
Parsing 'prep' table...
Parsing 'cvt ' table...
Parsing 'loca' table...
Parsing 'glyf' table...
Parsing 'kern' table...
Parsing 'name' table...
Parsing 'post' table...
Parsing 'FFTM' table...
Parsing 'GDEF' table...
Parsing 'GPOS' table...
Parsing 'GSUB' table...
$ font2ttf.py sources/Buda-Light-TTF.sfd Buda-Light-TTF.ttf
### Test Buda-light.ttf
$ bakery-lint.py result Buda-light.ttf
bakery_lint.tests.downstream.test_names_are_ascii_only.CheckNamesAreASCIIOnly.test_check_names_are_ascii_only(): FAIL
$ bakery-ascii-fix.py /home/travis/build/fontdirectory/buda/builds/build/Buda-light.ttf
$ mv /home/travis/build/fontdirectory/buda/builds/build/Buda-light.ttf.fix /home/travis/build/fontdirectory/buda/builds/build/Buda-light.ttf
bakery_lint.tests.downstream.test_names_are_ascii_only.CheckNamesAreASCIIOnly.test_check_names_are_ascii_only(): OK
Success: Generated OpenType-TTF (/home/travis/build/fontdirectory/buda/builds/build/Buda-Light-TTF.ttf)
### Test Buda-Light-TTF.ttf
$ bakery-lint.py result Buda-Light-TTF.ttf
### (5 of 6) Generate METADATA.json (genmetadata.py)
$ genmetadata.py /home/travis/build/fontdirectory/buda/builds/build
{} exists
FATAL: No *-Regular.ttf found to set family name!
bakery_lint.tests.downstream.test_gpos_table_has_kerning_info.CheckGposTableHasKerningInfo.test_gpos_table_has_kerning_info(): OK
WARNING: No *-Regular.ttf to calculate gzipped filesize!
bakery_lint.tests.downstream.test_gasp_table_value.CheckGaspTableType.test_check_gasp_table_type(): FAIL
$ bakery-gasp.py --set=15 /home/travis/build/fontdirectory/buda/builds/build/Buda-light.ttf
bakery_lint.tests.downstream.test_names_are_ascii_only.CheckNamesAreASCIIOnly.test_check_names_are_ascii_only(): FAIL
Family Name: UNKNOWN
no table gasp
$ bakery-ascii-fix.py /home/travis/build/fontdirectory/buda/builds/build/Buda-Light-TTF.ttf
$ mv /home/travis/build/fontdirectory/buda/builds/build/Buda-light.ttf.fix /home/travis/build/fontdirectory/buda/builds/build/Buda-light.ttf
bakery_lint.tests.downstream.test_gasp_table_value.CheckGaspTableType.test_check_gasp_table_type(): FAIL
This font contains both a 'kern' table and a 'GPOS' table.
  The 'kern' table will only be read if there is no 'kern' feature in 'GPOS'.
PS Name: Buda
Full Name: Buda
Style: normal
Weight: 500
Filename: Buda-Light-TTF.ttf
Copyright: Copyright (c) 2010, Adele Antignac (a.antignac@hotmail.fr). All rights reserved. Licenced under SIL OFL vl.1
Family Name: UNKNOWN
PS Name: Buda
Full Name: Buda
Style: normal
Weight: 400
Filename: Buda-light.ttf
Copyright: Copyright (c) 2010, Adele Antignac (a.antignac@hotmail.fr). All rights reserved. Licenced under SIL OFL vl.1
Error: 
ERROR: BUILD FAILED
$ mv /home/travis/build/fontdirectory/buda/builds/build/Buda-Light-TTF.ttf.fix /home/travis/build/fontdirectory/buda/builds/build/Buda-Light-TTF.ttf
bakery_lint.tests.downstream.test_names_are_ascii_only.CheckNamesAreASCIIOnly.test_check_names_are_ascii_only(): OK
bakery_lint.tests.downstream.test_gpos_table_has_kerning_info.CheckGposTableHasKerningInfo.test_gpos_table_has_kerning_info(): OK
bakery_lint.tests.downstream.test_gasp_table_value.CheckGaspTableType.test_check_gasp_table_type(): FAIL
$ bakery-gasp.py --set=15 /home/travis/build/fontdirectory/buda/builds/build/Buda-Light-TTF.ttf
$ mv /home/travis/build/fontdirectory/buda/builds/build/Buda-Light-TTF.ttf.fix /home/travis/build/fontdirectory/buda/builds/build/Buda-Light-TTF.ttf
bakery_lint.tests.downstream.test_gasp_table_value.CheckGaspTableType.test_check_gasp_table_type(): OK
$ bakery-gasp.py --set=15 /home/travis/build/fontdirectory/buda/builds/build/Buda-Light-TTF.ttf
$ mv /home/travis/build/fontdirectory/buda/builds/build/Buda-Light-TTF.ttf.fix /home/travis/build/fontdirectory/buda/builds/build/Buda-Light-TTF.ttf
The following table(s) in the font have been ignored by FontForge
  Ignoring 'DSIG' digital signature table
bakery_lint.tests.downstream.test_fontforge_validation_state.FontForgeValidateStateTest.test_allowed_numbers_paths_in_composite_glyphs(): OK
bakery_lint.tests.downstream.test_fontforge_validation_state.FontForgeValidateStateTest.test_allowed_numbers_paths_in_glyphs(): OK
bakery_lint.tests.downstream.test_fontforge_validation_state.FontForgeValidateStateTest.test_allowed_numbers_points_in_composite_glyphs(): OK
bakery_lint.tests.downstream.test_fontforge_validation_state.FontForgeValidateStateTest.test_allowed_numbers_points_in_glyphs(): OK
bakery_lint.tests.downstream.test_fontforge_validation_state.FontForgeValidateStateTest.test_duplicate_glyphs(): OK
bakery_lint.tests.downstream.test_fontforge_validation_state.FontForgeValidateStateTest.test_duplicate_unicode_codepoints(): OK
bakery_lint.tests.downstream.test_fontforge_validation_state.FontForgeValidateStateTest.test_flipped_reference_in_glyphs(): OK
bakery_lint.tests.downstream.test_fontforge_validation_state.FontForgeValidateStateTest.test_missing_anchors(): OK
bakery_lint.tests.downstream.test_fontforge_validation_state.FontForgeValidateStateTest.test_missing_extrema_in_glyphs(): OK
bakery_lint.tests.downstream.test_fontforge_validation_state.FontForgeValidateStateTest.test_overlapped_hints(): OK
bakery_lint.tests.downstream.test_fontforge_validation_state.FontForgeValidateStateTest.test_points_are_integer_aligned(): OK
bakery_lint.tests.downstream.test_fontforge_validation_state.FontForgeValidateStateTest.test_points_are_not_too_far_apart(): OK
bakery_lint.tests.downstream.test_fontforge_validation_state.FontForgeValidateStateTest.test_postscript_hasnt_limit_hints_in_glyphs(): OK
bakery_lint.tests.downstream.test_fontforge_validation_state.FontForgeValidateStateTest.test_postscript_hasnt_limit_points_in_glyphs(): OK
bakery_lint.tests.downstream.test_fontforge_validation_state.FontForgeValidateStateTest.test_referenced_glyphs_are_present(): OK
bakery_lint.tests.downstream.test_fontforge_validation_state.FontForgeValidateStateTest.test_valid_glyph_names(): OK
bakery_lint.tests.downstream.test_fontforge_validation_state.FontForgeValidateStateTest.test_valid_length_instructions(): OK
bakery_lint.tests.downstream.test_fontforge_validation_state.FontForgeValidateStateTest.test_validation_glyph_intersect(): OK
bakery_lint.tests.downstream.test_fontforge_validation_state.FontForgeValidateStateTest.test_validation_open_contours(): OK
bakery_lint.tests.downstream.test_fontforge_validation_state.FontForgeValidateStateTest.test_wrong_direction_in_glyphs(): OK
bakery_lint.tests.downstream.test_fontforge_validation_state.FontForgeValidateStateTest.test_allowed_numbers_paths_in_composite_glyphs(): OK
bakery_lint.tests.downstream.test_fontforge_validation_state.FontForgeValidateStateTest.test_allowed_numbers_paths_in_glyphs(): OK
bakery_lint.tests.downstream.test_fontforge_validation_state.FontForgeValidateStateTest.test_allowed_numbers_points_in_composite_glyphs(): OK
bakery_lint.tests.downstream.test_fontforge_validation_state.FontForgeValidateStateTest.test_allowed_numbers_points_in_glyphs(): OK
bakery_lint.tests.downstream.test_fontforge_validation_state.FontForgeValidateStateTest.test_duplicate_glyphs(): OK
bakery_lint.tests.downstream.test_fontforge_validation_state.FontForgeValidateStateTest.test_duplicate_unicode_codepoints(): OK
bakery_lint.tests.downstream.test_fontforge_validation_state.FontForgeValidateStateTest.test_flipped_reference_in_glyphs(): OK
bakery_lint.tests.downstream.test_fontforge_validation_state.FontForgeValidateStateTest.test_missing_anchors(): OK
bakery_lint.tests.downstream.test_fontforge_validation_state.FontForgeValidateStateTest.test_missing_extrema_in_glyphs(): FAIL
bakery_lint.tests.downstream.test_fontforge_validation_state.FontForgeValidateStateTest.test_overlapped_hints(): OK
bakery_lint.tests.downstream.test_fontforge_validation_state.FontForgeValidateStateTest.test_points_are_integer_aligned(): OK
bakery_lint.tests.downstream.test_fontforge_validation_state.FontForgeValidateStateTest.test_points_are_not_too_far_apart(): OK
bakery_lint.tests.downstream.test_fontforge_validation_state.FontForgeValidateStateTest.test_postscript_hasnt_limit_hints_in_glyphs(): OK
bakery_lint.tests.downstream.test_fontforge_validation_state.FontForgeValidateStateTest.test_postscript_hasnt_limit_points_in_glyphs(): OK
bakery_lint.tests.downstream.test_fontforge_validation_state.FontForgeValidateStateTest.test_referenced_glyphs_are_present(): OK
bakery_lint.tests.downstream.test_fontforge_validation_state.FontForgeValidateStateTest.test_valid_glyph_names(): OK
bakery_lint.tests.downstream.test_fontforge_validation_state.FontForgeValidateStateTest.test_valid_length_instructions(): OK
bakery_lint.tests.downstream.test_fontforge_validation_state.FontForgeValidateStateTest.test_validation_glyph_intersect(): OK
bakery_lint.tests.downstream.test_fontforge_validation_state.FontForgeValidateStateTest.test_validation_open_contours(): OK
bakery_lint.tests.downstream.test_fontforge_validation_state.FontForgeValidateStateTest.test_wrong_direction_in_glyphs(): OK
bakery_lint.tests.downstream.test_check_vertical_metrics.CheckVerticalLinegapMetrics.test_metrics_linegaps_are_zero(): FAIL
bakery_lint.tests.downstream.test_check_vertical_metrics.CheckVerticalLinegapMetrics.test_metrics_linegaps_are_zero(): FAIL
$ bakery-vmet-fix.py --autofix /home/travis/build/fontdirectory/buda/builds/build/Buda-Light-TTF.ttf /home/travis/build/fontdirectory/buda/builds/build/Buda-light.ttf
$ bakery-vmet-fix.py --autofix /home/travis/build/fontdirectory/buda/builds/build/Buda-Light-TTF.ttf /home/travis/build/fontdirectory/buda/builds/build/Buda-light.ttf
$ mv /home/travis/build/fontdirectory/buda/builds/build/Buda-Light-TTF.ttf.fix /home/travis/build/fontdirectory/buda/builds/build/Buda-Light-TTF.ttf
$ mv /home/travis/build/fontdirectory/buda/builds/build/Buda-light.ttf.fix /home/travis/build/fontdirectory/buda/builds/build/Buda-light.ttf
$ bakery-vmet-fix.py /home/travis/build/fontdirectory/buda/builds/build/Buda-Light-TTF.ttf /home/travis/build/fontdirectory/buda/builds/build/Buda-light.ttf
$ mv /home/travis/build/fontdirectory/buda/builds/build/Buda-Light-TTF.ttf.fix /home/travis/build/fontdirectory/buda/builds/build/Buda-Light-TTF.ttf
$ mv /home/travis/build/fontdirectory/buda/builds/build/Buda-light.ttf.fix /home/travis/build/fontdirectory/buda/builds/build/Buda-light.ttf
$ bakery-vmet-fix.py /home/travis/build/fontdirectory/buda/builds/build/Buda-Light-TTF.ttf /home/travis/build/fontdirectory/buda/builds/build/Buda-light.ttf
Parameter              Buda-Light-TTF.ttf    Buda-light.ttf    
ymax                   1862                  1862              
hhea.ascent            1862                  1862              
OS/2.sTypoAscender     1862                  1862              
OS/2.usWinAscent       1862                  1862              
ymin                   -446                  -446              
hhea.descent           -446                  -446              
OS/2.sTypoDescender    -446                  -446              
OS/2.usWinDescent      446                   446               
hhea.lineGap           0                     0                 
OS/2.sTypoLineGap      0                     0                 
hhea total             2308                  2308              
typo total             2308                  2308              
win total              2308                  2308              
UPM:Heights            2048:2308             2048:2308         
UPM:Heights %          112 %                 112 %             


Parameter              Buda-Light-TTF.ttf    Buda-light.ttf    
ymax                   1862                  1862              
hhea.ascent            1862                  1862              
OS/2.sTypoAscender     1862                  1862              
OS/2.usWinAscent       1862                  1862              
ymin                   -446                  -446              
hhea.descent           -446                  -446              
OS/2.sTypoDescender    -446                  -446              
OS/2.usWinDescent      446                   446               
hhea.lineGap           0                     0                 
OS/2.sTypoLineGap      0                     0                 
hhea total             2308                  2308              
typo total             2308                  2308              
win total              2308                  2308              
UPM:Heights            2048:2308             2048:2308         
UPM:Heights %          112 %                 112 %             


bakery_lint.tests.downstream.test_check_vertical_metrics.CheckVerticalLinegapMetrics.test_metrics_linegaps_are_zero(): OK
bakery_lint.tests.downstream.test_check_vertical_metrics.CheckVerticalLinegapMetrics.test_metrics_linegaps_are_zero(): OK
bakery_lint.tests.downstream.test_check_vertical_metrics.CheckVerticalAscentMetrics.test_metrics_ascents_equal_bbox(): OK
bakery_lint.tests.downstream.test_check_vertical_metrics.CheckVerticalAscentMetrics.test_metrics_ascents_equal_bbox(): OK
bakery_lint.tests.downstream.test_check_vertical_metrics.CheckVerticalDescentMetrics.test_metrics_descents_equal_bbox(): OK
bakery_lint.tests.downstream.test_check_upm_heights_less_120.TestCheckUPMHeightsLess120.test_check_upm_heigths_less_120(): OK
bakery_lint.tests.downstream.test_check_unused_glyph_data.CheckUnusedGlyphData.test_check_unused_glyph_data(): ERROR
bakery_lint.tests.downstream.test_check_unencoded_glyph.TestFontUnencodedGlyph.test_font_unencoded_glyphs(): FAIL
$ bakery-encode-glyphs-fix.py --autofix /home/travis/build/fontdirectory/buda/builds/build/Buda-light.ttf
$ mv /home/travis/build/fontdirectory/buda/builds/build/Buda-light.ttf.fix /home/travis/build/fontdirectory/buda/builds/build/Buda-light.ttf
bakery_lint.tests.downstream.test_check_unencoded_glyph.TestFontUnencodedGlyph.test_font_unencoded_glyphs(): FAIL
bakery_lint.tests.downstream.test_check_panose_identification.CheckPanoseIdentification.test_check_panose_identification(): OK
bakery_lint.tests.downstream.test_check_os2_width_class.CheckOS2WidthClass.test_check_os2_width_class(): OK
bakery_lint.tests.downstream.test_check_no_problematic_formats.CheckNoProblematicFormats.test_check_no_problematic_formats(): OK
bakery_lint.tests.downstream.test_check_nbsp_width_matches_sp_width.CheckNbspWidthMatchesSpWidth.test_check_nbsp_width_matches_sp_width(): FAIL
$ bakery-nbsp-fix.py /home/travis/build/fontdirectory/buda/builds/build/Buda-light.ttf
bakery_lint.tests.downstream.test_check_vertical_metrics.CheckVerticalDescentMetrics.test_metrics_descents_equal_bbox(): OK
$ mv /home/travis/build/fontdirectory/buda/builds/build/Buda-light.ttf.fix /home/travis/build/fontdirectory/buda/builds/build/Buda-light.ttf
bakery_lint.tests.downstream.test_check_upm_heights_less_120.TestCheckUPMHeightsLess120.test_check_upm_heigths_less_120(): OK
bakery_lint.tests.downstream.test_check_nbsp_width_matches_sp_width.CheckNbspWidthMatchesSpWidth.test_check_nbsp_width_matches_sp_width(): FAIL
bakery_lint.tests.downstream.test_check_unused_glyph_data.CheckUnusedGlyphData.test_check_unused_glyph_data(): ERROR
bakery_lint.tests.downstream.test_check_names_same_across_platforms.CheckNamesSameAcrossPlatforms.test_check_names_same_across_platforms(): OK
bakery_lint.tests.downstream.test_check_unencoded_glyph.TestFontUnencodedGlyph.test_font_unencoded_glyphs(): FAIL
bakery_lint.tests.downstream.test_check_name_table_recommendation.CheckStyleNameRecommendation.test_check_stylename_is_under_recommendations(): FAIL
$ bakery-encode-glyphs-fix.py --autofix /home/travis/build/fontdirectory/buda/builds/build/Buda-Light-TTF.ttf
$ bakery-opentype-fix.py /home/travis/build/fontdirectory/buda/builds/build/Buda-light.ttf
$ mv /home/travis/build/fontdirectory/buda/builds/build/Buda-light.ttf.fix /home/travis/build/fontdirectory/buda/builds/build/Buda-light.ttf
bakery_lint.tests.downstream.test_check_name_table_recommendation.CheckStyleNameRecommendation.test_check_stylename_is_under_recommendations(): FAIL
bakery_lint.tests.downstream.test_check_name_table_recommendation.CheckOTFamilyNameRecommendation.test_check_opentype_familyname(): OK
$ mv /home/travis/build/fontdirectory/buda/builds/build/Buda-Light-TTF.ttf.fix /home/travis/build/fontdirectory/buda/builds/build/Buda-Light-TTF.ttf
bakery_lint.tests.downstream.test_check_name_table_recommendation.CheckOTStyleNameRecommendation.test_check_opentype_stylename(): FAIL
$ bakery-opentype-fix.py /home/travis/build/fontdirectory/buda/builds/build/Buda-light.ttf
bakery_lint.tests.downstream.test_check_unencoded_glyph.TestFontUnencodedGlyph.test_font_unencoded_glyphs(): FAIL
bakery_lint.tests.downstream.test_check_panose_identification.CheckPanoseIdentification.test_check_panose_identification(): OK
bakery_lint.tests.downstream.test_check_os2_width_class.CheckOS2WidthClass.test_check_os2_width_class(): OK
bakery_lint.tests.downstream.test_check_no_problematic_formats.CheckNoProblematicFormats.test_check_no_problematic_formats(): OK
bakery_lint.tests.downstream.test_check_nbsp_width_matches_sp_width.CheckNbspWidthMatchesSpWidth.test_check_nbsp_width_matches_sp_width(): FAIL
$ bakery-nbsp-fix.py /home/travis/build/fontdirectory/buda/builds/build/Buda-Light-TTF.ttf
$ mv /home/travis/build/fontdirectory/buda/builds/build/Buda-light.ttf.fix /home/travis/build/fontdirectory/buda/builds/build/Buda-light.ttf
bakery_lint.tests.downstream.test_check_name_table_recommendation.CheckOTStyleNameRecommendation.test_check_opentype_stylename(): FAIL
bakery_lint.tests.downstream.test_check_name_table_recommendation.CheckOTFullNameRecommendation.test_check_opentype_fullname(): OK
bakery_lint.tests.downstream.test_check_magic_prep_code.CheckMagicPREPByteCode.test_prep_magic_code(): FAIL
bakery_lint.tests.downstream.test_check_license_included.CheckLicenseIncluded.test_license_included_in_font_names(): OK
bakery_lint.tests.downstream.test_check_italic_angle_agreement.CheckItalicAngleAgreement.test_check_italic_angle_agreement(): OK
bakery_lint.tests.downstream.test_check_hmtx_hhea_max_advance_width_agreement.CheckHmtxHheaMaxAdvanceWidthAgreement.test_check_hmtx_hhea_max_advance_width_agreement(): OK
$ mv /home/travis/build/fontdirectory/buda/builds/build/Buda-Light-TTF.ttf.fix /home/travis/build/fontdirectory/buda/builds/build/Buda-Light-TTF.ttf
bakery_lint.tests.downstream.test_check_glyph_existence.CheckGlyphExistence.test_euro(): FAIL
bakery_lint.tests.downstream.test_check_nbsp_width_matches_sp_width.CheckNbspWidthMatchesSpWidth.test_check_nbsp_width_matches_sp_width(): FAIL
bakery_lint.tests.downstream.test_check_glyph_existence.CheckGlyphExistence.test_nbsp(): OK
bakery_lint.tests.downstream.test_check_names_same_across_platforms.CheckNamesSameAcrossPlatforms.test_check_names_same_across_platforms(): OK
bakery_lint.tests.downstream.test_check_glyph_existence.CheckGlyphExistence.test_space(): OK
bakery_lint.tests.downstream.test_check_glyf_table_length.CheckGlyfTableLength.test_check_glyf_table_length(): FAIL
bakery_lint.tests.downstream.test_check_name_table_recommendation.CheckStyleNameRecommendation.test_check_stylename_is_under_recommendations(): FAIL
$ bakery-opentype-fix.py /home/travis/build/fontdirectory/buda/builds/build/Buda-Light-TTF.ttf
bakery_lint.tests.downstream.test_check_full_font_name_begins_with_family_name.CheckFullFontNameBeginsWithFamilyName.test_check_full_font_name_begins_with_family_name(): OK
bakery_lint.tests.downstream.test_check_fontname_matches_macstyle.CheckFontNameEqualToMacStyleFlags.test_fontname_is_equal_to_macstyle(): FAIL
bakery_lint.tests.downstream.test_check_font_tables.CheckFontHasDsigTable.test_check_font_has_dsig_table(): FAIL
$ bakery-dsig.py /home/travis/build/fontdirectory/buda/builds/build/Buda-light.ttf
$ mv /home/travis/build/fontdirectory/buda/builds/build/Buda-Light-TTF.ttf.fix /home/travis/build/fontdirectory/buda/builds/build/Buda-Light-TTF.ttf
bakery_lint.tests.downstream.test_check_name_table_recommendation.CheckStyleNameRecommendation.test_check_stylename_is_under_recommendations(): FAIL
bakery_lint.tests.downstream.test_check_name_table_recommendation.CheckOTFamilyNameRecommendation.test_check_opentype_familyname(): OK
bakery_lint.tests.downstream.test_check_name_table_recommendation.CheckOTStyleNameRecommendation.test_check_opentype_stylename(): FAIL
$ bakery-opentype-fix.py /home/travis/build/fontdirectory/buda/builds/build/Buda-Light-TTF.ttf
$ mv /home/travis/build/fontdirectory/buda/builds/build/Buda-light.ttf.fix /home/travis/build/fontdirectory/buda/builds/build/Buda-light.ttf
bakery_lint.tests.downstream.test_check_font_tables.CheckFontHasDsigTable.test_check_font_has_dsig_table(): OK
bakery_lint.tests.downstream.test_check_font_tables.CheckFontHasNotKernTable.test_no_kern_table_exists(): OK
bakery_lint.tests.downstream.test_check_font_agreements.CheckFsTypeIsNotSet.test_is_fstype_not_set(): OK
$ bakery-fstype-fix.py --autofix /home/travis/build/fontdirectory/buda/builds/build/Buda-light.ttf
$ mv /home/travis/build/fontdirectory/buda/builds/build/Buda-Light-TTF.ttf.fix /home/travis/build/fontdirectory/buda/builds/build/Buda-Light-TTF.ttf
bakery_lint.tests.downstream.test_check_name_table_recommendation.CheckOTStyleNameRecommendation.test_check_opentype_stylename(): FAIL
bakery_lint.tests.downstream.test_check_name_table_recommendation.CheckOTFullNameRecommendation.test_check_opentype_fullname(): OK
bakery_lint.tests.downstream.test_check_magic_prep_code.CheckMagicPREPByteCode.test_prep_magic_code(): FAIL
$ mv /home/travis/build/fontdirectory/buda/builds/build/Buda-light.ttf.fix /home/travis/build/fontdirectory/buda/builds/build/Buda-light.ttf
bakery_lint.tests.downstream.test_check_font_agreements.CheckFontAgreements.test_em_is_1000(): FAIL
bakery_lint.tests.downstream.test_check_license_included.CheckLicenseIncluded.test_license_included_in_font_names(): OK
bakery_lint.tests.downstream.test_check_font_agreements.CheckFontAgreements.test_file_is_font(): OK
bakery_lint.tests.downstream.test_check_italic_angle_agreement.CheckItalicAngleAgreement.test_check_italic_angle_agreement(): OK
bakery_lint.tests.downstream.test_check_font_agreements.CheckFontAgreements.test_font_is_font(): OK
bakery_lint.tests.downstream.test_check_font_agreements.CheckFontAgreements.test_latin_file_exists(): FAIL
bakery_lint.tests.downstream.test_check_hmtx_hhea_max_advance_width_agreement.CheckHmtxHheaMaxAdvanceWidthAgreement.test_check_hmtx_hhea_max_advance_width_agreement(): OK
bakery_lint.tests.downstream.test_check_glyph_existence.CheckGlyphExistence.test_euro(): FAIL
bakery_lint.tests.downstream.test_check_glyph_existence.CheckGlyphExistence.test_nbsp(): OK
bakery_lint.tests.downstream.test_check_glyph_existence.CheckGlyphExistence.test_space(): OK
bakery_lint.tests.downstream.test_check_glyf_table_length.CheckGlyfTableLength.test_check_glyf_table_length(): FAIL
bakery_lint.tests.downstream.test_check_full_font_name_begins_with_family_name.CheckFullFontNameBeginsWithFamilyName.test_check_full_font_name_begins_with_family_name(): OK
bakery_lint.tests.downstream.test_check_fontname_matches_macstyle.CheckFontNameEqualToMacStyleFlags.test_fontname_is_equal_to_macstyle(): FAIL
bakery_lint.tests.downstream.test_check_font_tables.CheckFontHasDsigTable.test_check_font_has_dsig_table(): OK
bakery_lint.tests.downstream.test_check_font_tables.CheckFontHasNotKernTable.test_no_kern_table_exists(): OK
bakery_lint.tests.downstream.test_check_font_agreements.CheckFsTypeIsNotSet.test_is_fstype_not_set(): OK
$ bakery-fstype-fix.py --autofix /home/travis/build/fontdirectory/buda/builds/build/Buda-Light-TTF.ttf
$ mv /home/travis/build/fontdirectory/buda/builds/build/Buda-Light-TTF.ttf.fix /home/travis/build/fontdirectory/buda/builds/build/Buda-Light-TTF.ttf
bakery_lint.tests.downstream.test_check_font_agreements.CheckFontAgreements.test_em_is_1000(): FAIL
bakery_lint.tests.downstream.test_check_font_agreements.CheckFontAgreements.test_file_is_font(): OK
bakery_lint.tests.downstream.test_check_font_agreements.CheckFontAgreements.test_font_is_font(): OK
bakery_lint.tests.downstream.test_check_font_agreements.CheckFontAgreements.test_latin_file_exists(): FAIL
### Optimize TTF Buda-light.ttf
### Optimize TTF Buda-Light-TTF.ttf
$ ls -l 'Buda-Light-TTF.ttf'* # look at the size savings of that subset process
Buda-Light-TTF.ttf.opt: 21732 bytes
Buda-Light-TTF.ttf: 23096 bytes
$ mv /home/travis/build/fontdirectory/buda/builds/build/Buda-Light-TTF.ttf.opt /home/travis/build/fontdirectory/buda/builds/build/Buda-Light-TTF.ttf
### Autohint TTFs (ttfautohint) Buda-Light-TTF.ttf
$ ls -l /home/travis/build/fontdirectory/buda/builds/build/Buda-Light-TTF.*ttf # look at the size savings of that subset process
/home/travis/build/fontdirectory/buda/builds/build/Buda-Light-TTF.ttf: 21732 bytes
/home/travis/build/fontdirectory/buda/builds/build/Buda-Light-TTF.autohint.ttf: 32380 bytes
$ mv /home/travis/build/fontdirectory/buda/builds/build/Buda-Light-TTF.autohint.ttf /home/travis/build/fontdirectory/buda/builds/build/Buda-Light-TTF.ttf
### Subset TTFs (pyftsubset) Buda-Light-TTF.ttf
Generate Buda-Light-TTF.latin
Generate Buda-Light-TTF.menu
strippedname:/home/travis/build/fontdirectory/buda/builds/build/Buda-Light-TTF.ttf
spaceWidth is    562
nbspWidth is     380
Buda-Light-TTF.ttf.fix made with spaceWidth and nbspWidth of 562
$ ls -l 'Buda-light.ttf'* # look at the size savings of that subset process
Buda-light.ttf.opt: 97864 bytes
Buda-light.ttf: 99092 bytes
$ mv /home/travis/build/fontdirectory/buda/builds/build/Buda-light.ttf.opt /home/travis/build/fontdirectory/buda/builds/build/Buda-light.ttf
### Autohint TTFs (ttfautohint) Buda-light.ttf
$ ls -l /home/travis/build/fontdirectory/buda/builds/build/Buda-light.*ttf # look at the size savings of that subset process
/home/travis/build/fontdirectory/buda/builds/build/Buda-light.ttf: 97864 bytes
/home/travis/build/fontdirectory/buda/builds/build/Buda-light.autohint.ttf: 93632 bytes
$ mv /home/travis/build/fontdirectory/buda/builds/build/Buda-light.autohint.ttf /home/travis/build/fontdirectory/buda/builds/build/Buda-light.ttf
### Subset TTFs (pyftsubset) Buda-light.ttf
Generate Buda-light.latin
Generate Buda-light.menu
strippedname:/home/travis/build/fontdirectory/buda/builds/build/Buda-light.ttf
spaceWidth is    562
nbspWidth is     380
Buda-light.ttf.fix made with spaceWidth and nbspWidth of 562
